غریبه نواز
غرور آفرین
غافلگیرکننده
غیرنظامی
غیرنفتی
غیرموقت
غیرمنتظره
غند
غنج
غنی
غمخوار
عظیم
عطرآگین
عطوفت
عرقه
عذرخواهی
عدل
عجیب
عاطفی
عاشقانه
عاشقپیشه
عاشقی
عاشق
عارفانه
عادلانهتر
عادلانه
عالیرتبه
عالیترین
عالیمقام
عالیقدر
عالی
عالمپرور
عالم
عاقلتر
عاقلانه
عاقل و بالغ
عاقل
عواطف
عهدنگهدار
عندالله
علاقهمند
طلایی
ضامن
صرفهجویی
صرفه
صبر
صبور
صادق
صالح
صاف و ساده
صمیمانهترین
صمیمانه
صمیمی
صلحطلبی
صلح
صلاحیت
صلاح
صلابت
صفرکیلومتر
صفیالله
صفویان
صفویه
صفوی
شعورآفرینی
شعور
شدنی
شبکوک
شب تاز
شاعرانه
شادگان
شادی
شاد
شایسته
شاهکار
شامخ
شامگاهی
شگرف
شگفتن
شگفت انگیز
شکیبا
شکفتگی
شکفته
شیدا
شیبا
شیک
شیفته
شورانگیز
شور
شوخ
شوق
شهروا
شهره
شهیدی
شهی
شهم
شناس
شناخته شده
شنگول
شنگل
شنگ
شماره گذاری
سعادت
سعید
سعيد
سزاوارتر
سرآمد
سرگشاده
سرگرم کننده
سریع السیر
سریع
سخاوتمند
سحابی
ستبر
سته
ستنبه
سبکبار
سبکبال
ساعی
سازش
سازگار
سازمان یافته
سارا
ساد
ساخت و ساز
سابری
سایه آمیز
ساو
ساچی
سالانه
سال گردش
سپاس
سیز
سیب
سینه‌پوش
سینه خیز
سیمینه
سهم پذیر
سنجیده
سماکار
سلامتی
سلامت
سفت
سفیدپوش
زرشناس
زرنگترم
زرنگ
زر
زبردست
زایش
زایمان
زال
زیرک
زیباست
زیبارو
زیباترین
زیباتر
زیباییهای
زیبایی
زیبنده
زيبا
زمین خیز
رضاای
رضاالمخلوق
رضایتمندی
رضایت
رشنیق
رشمند
رستنی
رسیدگیکننده
رخشان
رخ
رحیم
ربایش
راضی
راسته
راست براست
راست
رادیوی
رادیوها
رادیو
رادین
راحتیها
راحتی
راحت
راحل
رایج
رایگان
راهدار
راهگشاست
راه راه
رامشگر
رؤیاپرداز
رؤیایی
ریسه
روشان
روشنگری
روشنفکران
روشنفکری
روشنفکر
روشن
روش
روانکاوانه
رویش
رویایی
رهایش
رهیافت
رمش
رم
رفیق
ذوق زده
ذهن گرایانه
دستاوردهای
دستاوردها
دستاورد
دستیافتنیست
درستکار
درخشش
درخورنده
درخور
درودگر
دخو
دبش
دارا
دادار
دائم
دانشی
دانا
دکل
دیدنی
دینداران
دوستانه
دوستی
دوست داشتنی
دوست
دوراندیشی
دوراندیش
دور اندیشانه
دور اندیش
دوبلکس
دوبل
دوالک باز
دلسوزی
دلسوز
دلزنده
دلرحم
دلباخته
دلاوران
دلگرم کننده
دلگرم
دلیر
دلنوازتر
دل نمودگی
خطیر
خشته
خشکانج
خشنودکنندهترین
خشنودی
خشنود
خستو
خرسندکننده
خرسند
خردمند
خرم
خدایی
خجسته
خبره
خاص
خارق العاده
خانمی
خیرخواهان
خیراندیش
خیریه
خیرین
خیرهکننده
خیر
خیال پرداز
خوشطعم
خوشسخن
خوشرو
خوشرفتاری
خوشرفتار
خوشدست
خوشدهان
خوشخاطرگی
خوشخیم
خوشحالی
خوشحال
خوشبختانه
خوشبختی
خوشبخت
خوشبینانهترین
خوشبینان
خوشبین
خوشبو
خوشاخلاق
خوشایندی
خوشایند
خوشگل
خوشی
خوشوبش
خوشوقتم
خوشنام
خوشچهره
خوشمشرب
خوشمزه
خوشقلم
خوشفرجام
خوشفکر
خوش‌رنگ
خوش‌گوار
خوش غمزه
خوش غلاف
خوش عادت
خوش عاقبت
خوش عکس
خوش طبع
خوش صحبت
خوش صورت
خوش شانس
خوش سخن
خوش سابقه
خوش زبان
خوش رزق
خوش راه
خوش رکاب
خوش رفتار
خوش ذات
خوش ذائقه
خوش ذوق
خوش دست
خوش دل
خوش خرام
خوش خدمت
خوش خوراک
خوش حرکت
خوش حالت
خوش حافظه
خوش جوش
خوش جنس
خوش ترکیب
خوش تیپ
خوش برخورد
خوش بیان
خوش بین
خوش اخلاق
خوش اندام
خوش آب و هوا
خوش پوش
خوش گذران
خوش کردار
خوش کار
خوش ژست
خوش یمن
خوش هیئت
خوش هیکل
خوش هوا
خوش نظر
خوش نشین
خوش چشم و ابرو
خوش نام
خوش چهره
خوش نمک
خوش چم و خم
خوش مسیر
خوش محضر
خوش محاوره
خوش مجلس
خوش لباس
خوش لب
خوش قد و بالا
خوش قامت
خوش قیافه
خوش قول
خوش قلب
خوش فرم
خوش فکر
خوش
خوست
خوردنی
خودساخته
خوبیها
خوبیه
خوبی
خوبه
خوبم
خوب صورت
خوب شدنی
خوب رخسار
خوب روی
خوب رو
خوب دل
خوب خصال
خوب آواز
خوب پیکر
خوب
خواسته
خواستنی‌
خواستنی
خواندنی
خوانا
خویشکار
خونسرد
خونگرم
خندان
خندید
خنده دار
خنده
خنکا
خنک
خمش
خلاقیت
خلقت
خلقالله
خفن
حسن
حرس
حجیم
حامی
حمایت
حقطلب
حقخواهان
جستجو
جست وخیز
جزئی
جذاب
جدا
جدید
جادویی
جایزههایتان
جایزههای
جایزه
جاودانه
جاودان
جاویدان
جامعه شناسانه
جامعه شناختی
جامع
جالبی
جالب
جا افتاده
جوشش
جوانمردی
جوانمرد
جولیک
جولقی
جهش
جهاد
جنبه داشتن
جلو
تضرع
تضارب
تضمینی
تضمینهایی
تضمین
تشریفاتی
تشریفات
تشکر
تشویق
تشكر
تسهیل
تزاینات
تزاینی
تراوش
ترقی جویانه
تحسینبرانگیز
تحسینکننده
تحسین
تجاری
تبست
تبسم
تبریک
تازه‌ساز
تازه
تاجیکی
تاج
تابش
تانگو
تام
تپل
تک
تیب
توسن
توانا
توافق
تو دل برو
تو پر
تهم
تماشایی
تمام نشدنی
تمیزی
تمیز
تميز
تقدیر
تفاهمها
تفاهم
بصیرت
بشردوستانه
بشردوست
بشاش
بستر
بستار
بزرگ خوانده
برطبق
برشتوک
برشهای
برشمردند
برشمردن
برشمرد
برشمارند
برش
برسید
برسیم
برسی
برروشن
بردباری
بردبار
برخوردار
برجسته
برترین
برتری
برتر
براق
بروشنی
بروز
بروجرد
بروکسل
برومندی
برومند
برنده
بختور
بخته
بتر
باظرفیت
باصفا
باشخصیت
باشکوه
بازرگانی
بازگشت پذیر
باز یافتنی
باحیا
باجنبه
باتجربه
باادب
باایمان
باانضباط
باکره
باکیفیت
بایا
باورکردنی
باورنکردنی
باور انگیز
باور کردنی
باور نکردنی
باوجدان
باهوش
بانزاکت
بانمک
بامزه
بامرام
بالغ
بالش
با تجربه
با اهمیت
با آبرو
با کفایت
با قاطعیت
بگشن
بگوبخند
بک ولک
بیستم
بیدار
بیباک
بیانکننده
بیامرزد
بیآب
بیگناهی
بیگناه
بیژه
بینظیریه
بینظیر
بینظیر
بینظیر
بینش
بینیازمندانه
بینیاز
بینهایت
بی‌هنجار
بی خیال
بی باک
بی آلایش
بی پروا
بی کرانه
بی نظیر
بی مانند
بی مهابا
بوسه
بومیانی
بهترینهای
بهترین
بهتری
بهتری
بهترم
بهتر
بهبود
به روز
به درد بخور
بنام
بلند همت
بلند
اغوا کننده
اصیل
اصلاحگرایانه
اصلاحگرا
اصلاحگر
اسطوره ای
استعدادهای
استعداد
استخوان دار
استبر
استادانه
استوارداشت
استوار
اسپید
ازنو
ازلی
ارغوانی
ارزشگرایانه
ارزشگرایی
ارزشی
ارزشهاست
ارزشهایی
ارزشهایند
ارزشهای
ارزشها
ارزشمندی
ارزشمند
ارزش
ارزان
ارزندهترین
ارزندهای
ارزنده
ارجمندان
ارجمند
ارتقاا
ارتقای
ارتقا
ارادت
ارواحالعالمینلهالفدا
اروم
ادبپرور
ادیب
اختروارون
اخوت
احترامآمیز
احترام
احمد
اجر
اجمالی
ابیو
اژکان
ایستاده
ایستا
ایان
اهورایی
اندایش
امیدبخش
امیدوار
امید دهنده
امید
الحمدلله
الپر
الکن
الهام بخش
افضل
افدم
افتخارآفرین
افتخار
افگار
آشتیجویی
آشتیی
آشتی
آشکارتر
آشکاره
آشکار
آشناای
آشنایند
آشنای
آشنا
آستین سر خود
آسایش
آسانتر
آسانگیر
آسانی
آسان
آسیابان
آسوده
آزاداندیشان
آزادانه
آزادگان
آزادید
آزادی بخش
آزاده
آزادمنشی
آزاد منش
آزاد
آرزومندان
آرزومندیم
آرزو
آرد
آراسته
آرایشی
آرامشبخش
آرامشی
آرامش
آرامسازی
آرامبخشی
آرامي
آرام
آرمان
آرمیده
آبرو
آبدیده
آبادانی
آبادی
آاوکی
آگاهان
آکبند
آیندهاندیشی
آیندهنگر
آویژه
آهسته کار
آهنین
آنچنانی
آمرزش
آمرانه
آمرین
آمادگی
آمادهتر
آماده
آمون
آلایش
آلا
آلپر
آلمانی
آقایی
آقامنشانه
آفریدگار
آفرینش
آفرینندگان
آفرین
پشیمونی
پسندیده
پرستش
پرزور
پرذکاوت
پرذوق
پرده بازی
پرتجربه
پربار
پرافتخار
پرآشوب
پرکاربرد
پرکار
پروره
پروپاقرص
پروقار
پرنور
پر طمطراق
پر دبدبه
پر حرارت
پر ثمر
پر تاب و توان
پر بودن
پر اشتیاق
پر ابهت
پر اندیشه
پر
پدیدارشناسانه
پاسداری
پارسا
پارسى
پاراو
پارو
پاکدامنی
پاکدامن
پاککننده
پاکیزگی
پاکنژاد
پاک طینت
پاک سرشت
پاک اعتقاد
پاک اندرون
پاک نیت
پاک نهاد
پاک
پایدار
پا درمیانی
پژوهش
پژوه
پیشرفته
پیشرفت خواهانه
پیشرفت
پیشتاز
پیشوایی
پیشوای
پیشه گانی
پیش‌ستاره‌ای
پیش اندیش
پیرایش
پیروزی
پیروز
پیدایش
پیاپی
پیان
پیا
پیمایش
پوشیده
پویا
پویه
پند
پنجم
پلوخوری
گسترش
گستردنی
گستن
گریزپای
گروش
گرهگشا
گره گیر
گذشت
گپ
گواه
گنجایش
گلست
گلی
گلناری
گل
گفتنی
گفت و شنود
کشش
کردگر
کردگار
کرانجی
کران مند
کاربرد
کارایی
کارآمد
کارکن
کاج
کاتوره
کاوش
کاواک
کاویان
کاهش
کانا
کامل
کالیو
کالوس
کیوانی
کوشا
کوسان
کوژ
کوله
کهین
کنغاله
کندواله
کندوکاو
کندله
کنجکاو
کچل
کمالبخشی
کمال
کمیاب
کم ظرفیت
کم شدت
کم خرج
کم جاگیر
کم تردد
کم هزینه
کم نظیر
کم مانند
کلیدی
کلیت
کلیات
کلوپ
کلوک
کله
کلندر
کلنگی
کلفت
کل گرایانه
کل گرا
کفاش
ژرفانگر
ژرف
ژیرا
یشمی
یاب
یاور
یکسو شدن
یکرنگ
یکدست
یکدل
یکی یکدانه
یکه
یک صدا
یل
وضعیت سالم
وصف نشدنی
وصف ناپذیر
وستاد
وسیع
ورزیدگی
وحدتآمیز
وحدت
وجاء
واز
واجد شرایط
واج
واقع گرایانه
واقع گرا
وافر
وه
ولرم
وفاداران
وفاداری
وفادار
هشیاری
هشیار
هشیوار
هشوار
هردمبیل
هراش هراش
هراش
هده
هدفمند
هامی
هاموار
هپل وهپو
هیجان‌زا
هیجان‌آور
هیجان انگیز
هیجان آور
هوشیار
هوشمند
هویدا
همزاد
همزی
همدل
همایون
هماورد
هماور
هماننده
همپک
همه فن حریف
همنوا
هم زلف
هم رس
هم ریش
هم داستان
هم بستر
هم بازی
هم آواز
هم آهنگ
هم پشت
هم پالکی
هم پا
هم پیمان
هم گوشه
هلاهلا
هلندی
نظام یافته
نشاطی
نشاط آور
نشاط
نستوه
چست و چابک
چست
نزاکت
نزولات
نرمه
نخبه گرایانه
نازش
نازی
نازنین
ناز
نارنجی
نادر
ناجی
نابغه
چابک
نابنوا
ناب
ناآهار
ناگسستنی
نایاب
ناهار
نانوا
نامآشنای
نامآور
نامی
نام بردنی
چالش
چالاک
نافع
چپ
نگر
نگارش
نکو
چیره
نیک سرشت
نیک اندیش
نیوشیدن
نوشاد
نوشین
نوشنجه
نوستالژیک
نوستالژی
نوساز
نوروزی
نوازش
نوانی
نوآورانه
نوآوری
نوین
نوچ
نو
چنگوک
چموش
چلسه
چلنچو
نقلیه
معرکه
معروفترین
معروفتر
معروف
معجزه
معتبر
معتقد
معین
معقول
مظلومیت
مشعوف
مشروعیتی
مشروعیت
مشروع
مشروح
مشتاق
مشتی
مشارکتی
مشکلگشا
مشورت
مشهور
مشفق
مسرت‌بخش
مستغنی
مستعد
مستبدانه
مستانه
مساعد
مسالمت آمیزانه
مسن
مسلما
مسقف
مرغوبیت
مردانگی
مردم سالاری
مردم پسند
مرتبط
مرتب
مربوط
مراقب
مرهمی
مرهم
مدرن
مداوم
مدنی
محشره
محشر
محرز
محرر
محراب
محرک
محرمات
محرمیت
محرم
محدودیتی
محدودیتهای
محجوب
محتمل
محبت
محبوبترین
محبوبیت
محبوب
محکم
مجاز
مجهز
مجلل
مثبتی
مثبته
مثبت
مثمر
متشخص
متشکریم
متشکریم
متشکرم
متشکر
مترجمین
مترجمها
متذکر
متدینین
متدینی
متدینند
متدین
متد
متخصصین
متخلص
متکلف
متین
متهور
متناسب
مبسوط
مبرهن
مبتکرانه
مبارزات
مبارزه
مبارز
مبارکه
مبارک
مبهوت کننده
ماهوار
ماندگار
ماندنی
مالش
مؤمن
مأنوس
مکشوفه
مکنت
مکملهای
مکمل
مکلف
میشکفد
میستاید
میسازیم
میخکوب
میبخشد
میبخشید
میبخشند
میبالند
میآفریند
میگون
مینافام
می خوش
مودبش
مودبانه
مودب
مودب
موجان
مواظب
موافقتی
موافقتنامه
موافقت
موافقان
موافقند
موافق
موچول
موچل
مولش
مولد
مولا
موقت
موفقترین
موفقتر
موفقیتآمیزی
موفقیتآمیز
موفقیتی
موفقیتهای
موفقیت
موفقی
موفق
مهربان
مهره باز
مهوش
مهوار
مهندم
مهمان نواز
مهم
مهفام
منظم
منطقی
منسجم
مناسبتر
مناسب
منور
ممکن
ممنون
ملاطفت
ملوس
ملوان
مقصودتان
مقصودم
مقصود
مقررات
مقدور
مقتدرانه
مقتدر
مقبولیت
مقبول
مقارن
مقاومت
مقیر
مفصل
مفرح
مفیدند
مفید
لغو تحریم‌ها
لذتطلب
لذتجویی
لذتی
لذت
لذایذ
لخت
لبریز
لازم
لاکی
لاک
لایتناهی
لانه
لکام
لوطی
لندوک
لم
لفظ قلم
قشنگی
قشنگ
قرت
قر
قدرشناسی
قدرشناس
قدردانی
قدردان
قد بلند
قابل شست و شو
قابل ترویج
قابل تامل
قابل قبول
قانونمند
قیپ
قوت
قویترینها
قویترین
قویتر
قوی
قومش
قهرمان
قلمی
فعال
فضیلتها
فضیلت
فسقلی
فزایش
فزونی
فزون
فرغیش
فرغنده
فرغند
فرزان
فرز
فرخال
فرخنده
فرخ
فرارون
فرایند
فراوان
فراهم
فرانسوی
فریبان
فریفته
فروزش
فروزان
فروتنی
فت
فوق العاده
فنقلی
