غش
غرش
غرتشن
غرتی
غریبی
غریب
غرند
غرچک
غر
غد
غاتی
غیرعادلانه
غیرضروری
غیردوستانه
غیرواقعی
غیرمودبانهتر
غیرموثق
غیرمنطقیترین
غیرممکن
غیر‌اصولی
غیر واقعی
غیر قابل بازیافت
غیر قابل قبول
غیور
غوشت
غوله
غنو
غمزده
غمانگیز
غمآباد
غمآلود
غمگین
غمهای
غمها
غم افزا
غم
غلط
غفلت
عطش
عذاب
عدم
عجولانه
عجول
عبوس
عاشوراست
عاشورایی
عاشورا
عاجزی
عاجز
عالمسوز
عیبجویان
عیب‌جو
عیاش
عهدشکنی
عقب افتاده
ظاهر بین
ظلمات
ظلم
طاقت فرسا
طلبکارانه
ضعیفالنفس
ضعیفه
ضعیف
ضعفی
ضعفهایی
ضعف
صرعیان
صرعی
صلیبی
صفوف
صفهای
شعلهور
شرور
شرمسار و سرافکنده
شرمگین
شرم زده
شتابزدگی
شتابزده
شتاب زده
شاکیان
شکستخوردهای
شکستخورده
شکستی
شکستهام
شکسته
شکستند
شکستن
شکست
شکاک
شکمی
شکمو
شیطانی
شید
شورش
شوریدگی
شوریده
شور واشور
شوکه
شوک
شومت
شوم
شهوتران
شمربنذیالجوشن
شماگنده
شلوغ
شفک
سطحینگر
سستی
سست
سزا
سرطانزا
سرطانی
سرطان
سرسری
سرزده
سرزنش
سرتق
سربار
سربهنیست
سراسیمه
سرگردان
سرگیجه‌آور
سرکش
سرکوبگر
سرکوب شده
سروصدای
سروصدا
سرو صدای
سرو صدا
سرو صدا
سرمایی
سرقت
سر وصدای
سر وصدا
سر و صدای
سر و صدا
سر و صدا
سر و صدا
سر و صدا
سر و صدا
سختتر
سختگیری
سختگیر
سختیهای
سختی
سخته
سخت
سخیف
سخنچین
ستیزه جویانه
ستیزه جو
سبکسرانه
سبک مغز
ساسی
ساده انگار
ساندیس خور
سالوس
سالوک
سپاهی
سکتههای
سکته
سکیزه
سیغ
سیاه کار
سیه کاسه
سیه کار
سین جیم
سوسول
سوزش
سوزه
سوختنی
سوت و کور
سهل انگار
سندره
سنگین
سقوط
سق سیاه
سفته
زشت
زردنبو
زرنگبازی
زخمی
زخمها
زخم
زجه
زبر
زبل
زاغولو
زاغول
زاری
زابرا
زپرتی
زیبا
زوش
زورگير
زورگویی
زورکی
زور
زنویه
زن ذلیل
زن بر
زن باز
زن باره
زمخت
زق زقو
رشک
رادیکالیسم
رادیکالهای
رادیکال
رادیواکتیو
راکد
رانش
ریغو
ریغماسی
ریشخند
ریث
ریمن
روشنفکرنمایان
روشنفکرنمای
روشن فکرمآب
روارو زدن
روانی
رند
رنجش
رنج آور
رنج
رقت‌انگیز
دشوار
دشمنشناسی
دشمنانش
دشمنانت
دشمنانی
دشمنان
دشمنپرست
دشمنیشان
دشمنیم
دشمنی
دشمنهایی
دشمنها
دشمنند
دشمن
دستبرد
دست‌دوم
دزدانش
دزدان
دزدیدند
دزدی
دزدها
دزد
درغوش
دردسرزا
دردناک
درد آور
دراشتباهند
دراز
دروغگوی
دروغگوها
دروغگو
دروغین
دروغها
دروغه
دروغ
درهمتنیدهی
درهموبرهم
درهم برهم
درهم
درنگی
درنوردیده
دختر باز
دبنگوز
داغدیده
داغان
داغون
داعش
دافع
دیرباورترین
دیرمدار
دینستیزانی
دینستیزی
دینی
دورافتادهترین
دورافتاده
دورو
دور
دودوزهباز
دوالی
دوآتشه
دون
دهشت
دهان دره
دند
دمر
دموکراتیک
دم دستی
دلسوختگی
دلسوخته
دلال
دلپذیر
دلگشاای
دلگیر
دلهرهآور
دله
دل شکسته
دل تُنُک
دل تنگ
خطرناک
خشکسالی
خشین
خشونتبار
خشونتی
خشونت
خشنترین
خشنتر
خشنی
خشن
خشمگین
خشم
خسته
خسارت
خز
خرست
خرزهره
خرابآباد
خرابی
خرابههای
خرابه
خراب
خرافاتی
خرافات
خرقه باز
خرفت
خر
خدشه دار
خدوک
خجالتی
خجالت زده
خجل
خار و خفیف
خامش
خپله
خیرهسری
خیانتکارانه
خیانتو
خیانت
خیال پردازانه
خوش خط و خال
خوش تخم
خود رای
خواجه
خواهش
خونریزی
خنگ
خمیده
خم
خلافها
خلاف
خلیش
خل
خفته
خفه
حسرتهای
حسرت
حسد
حجثالاسلام
حجتالاسلام
حجت
حجاب
حال به همزن
حال به هم زن
حواس پرت
حملات
حمله
حقه بازی
حقه
جعلق
جزم اندیش
جرايم
جریمه
جرم
جادو
جانور
جیغو
جوشاک
جوشی
جوش
جواب سربالا
جهود
جهنمی
جهنم
جهل
جنده
جنایتکارانه
جنایتکار
جنایت
جنایات
جنايت
جنگولک بازی
جنگ
جلبکی
جفته
جفااا
جفای
جفاهاای
جفنگ
تعرض
تظاهراتی
تظاهرات
تضعیف
تضاد
تشویش
تشنجات
تشنگی
ترسشان
ترسانیدن
ترسان
ترسیدم
ترسید
ترسی
ترسولرز
ترسو
ترسها
ترسنده
ترسناک
ترس
ترز
ترحم‌انگیز
ترکتازی
تروریستی
تروریستهای
تروریستها
تروریست
تروریسم
ترورها
ترور
تخریب
تخته قاپو
تخمی
تحریمها‌
تحریم‌ها
تحریم‌
تحقیر
تجملاتی
تبعیض
تبعید
تبخالهای
تبهکارانه
تبهکاری
تبهکار
تبه
تازی
تاران
تاریکی
تاریک
تار
تاتول
تپنکوز
تکیده
تک صدا
تیره
تولک
تهدیدشان
تهدیدی
تهدیدها
تهدیدها
تهدید
تهی
تنشآفرینی
تنشآفرین
تنشهای
تنش
تندروی
تندرو
تنبیه
تنبلی
تنبل
تناقضآمیز
تناقض
تنگنظر
تنگنای
تنگناها
تنگنا
تنگ حال
تنگ چشمی
تنگ
تنهاست
تنهاییاش
تنهایی
تنها
تميزي
تلخ
تلپ
تقلبات
تقلبی
تقلبهای
تقلب
تفریط
تفرقه
تفت
تفکیک طلبانه
تفکی
بغضهای
بعید
بشار
بشول
بشم
بستری
بستاخ
بستنیفروشی
بستن
بسیجی
بزدل
بزهکاری
بزهكاران
بزهكار
بزه
بز خر
برخچ
بربخورد
برآشفتن
برگشته اختر
برودت
برهم
برمال
بدشانس
بدشان
بدش
بدریخت
بدرنگ
بدرفتاری
بدذات
بددل
بدخط
بدخیم
بدخو
بدحساب
بدجور
بدجنس
بدترین
بدتر
بدبختیهای
بدبختی
بدبخت
بدبینانه
بدبینیها
بدبینی
بدبین
بداخلاق
بدآزمون
بدآموزترین
بدآموزی
بدگویی
بدگمان
بدکردار
بدکار
بدیها
بدیمن
بدنام
بدم
بدقیافه
بد شکل
بد اندیشانه
بد قیافه
بد قول
بد
بحران
بت‌پرست
بازگشت ناپذیر
بازنده
بگومگو
بیسروپا
بیدخ
بیخود
بیحرمتیهای
بیثبات
بیثمر
بیتدبیری
بیتحرکی
بیتابی
بیتاب
بیتوجهی
بیتومل
بیتفاوتی
بیتفاوتند
بیتفاوت
بیبهرهاند
بیبهره
بیاعتبار
بیاعتناای
بیاعتنایی
بیاعتنا
بیاعتمادی
بیاعتقادی
بیارزشتر
بیادبی
بیادب
بیاحترامی
بیاثر
بیات
بیایمانی
بیانصافها
بیآزار
بیوه
بیچاره
بیمزهای
بیمزه
بیمحابا
بیمارستانی
بیمارستانهای
بیمارستانها
بیمارستان
بیمارانی
بیماران
بیماریزای
بیماریزا
بیماریهای
بیماریها
بیماری
بیمار
بیمیلی
بی‌پایاب
بی عرضه
بی عقل
بی ظرفیت
بی صلاحیت
بی شرمانه
بی شرم
بی ریخت
بی دست و پا
بی دولتی
بی دلیل
بی دل و جرئت
بی حیا
بی حوصله
بی جرئت
بی جهت
بی جنبه
بی ثبات
بی ثمر
بی تجربه
بی بضاعت
بی بخار
بی اعتبار
بی ادبانه
بی ادب
بی اختیار
بی اهمیت
بی انگیزه
بی آبرو
بی آب و علف
بی کیفیت
بی کفایت
بی هوده
بی نتیجه
بی مزه
بی مرام
بی مثال
بی منطق
بی ملاحظه
بی قرار
بی قابلیت
بی قید و بند
بی فایده
بی فایده
بی
بي
بوز
بورونوگرافی
بوجار
بهتزده
بهتانگیز
بهتان
بهت آور
بهت
به سر نرسیده
بنجل
بنگار
بچگانه
بچه ننه
بمبای
بمبگذاری
بمبهای
بمب
اغوا شده
اغفال کننده
اغفال
اعدام
اعتراضات
اعتراضی
اعتراض
اضطراب
اضافی
اضافه
اشتردل
اشکال
اشنوسه
استخوانی
استبدادی
استبداد
اسبید
اسبی
اسکول
اسهال
اسفبار
اسفانگیز
اسف‌بار
اسف بار
ازدیاد
ازهمگسسته
از شکل افتاده
از ریخت افتاده
ارغون
ارغه
ارزشزدایی
ارتحال
اذیتش
اذیت
اخراج
اختناقا
اختلاس
اختلالات
اختلال
اختلافاتی
اختلافات
اختلافی
اختلافها
اخاذي
اخمو
اخم و تخم
اخ
احتراق
احتیاج
احمق
اجساد
اجباری
اجانب
اتکاناپذیر
اتهامات
اتهام
اتلاف
ابهاماتی
ابهامآلود
ابهامها
ابلیس
ابلوک
ابله
اژیر
ايراد
اوضاع نابسامان
اهریمنی
انزجار
اندخس
انداختنی
انحطاط
انحصارطلبانه
انجام نشده
انبسته
انباغ
انبازی
انبوه
انهدام
انچوچک
انفجاری
انفجار
الظالمین
الدنگ
الاغ
الکی
الفنج
افشاگریهای
افشاگری
افشای
افسرده کننده
افسرده
افسارگسیخته
افسار سر خود
افروزش
افتضاحش
افتضاح
افاده
آشغال
آشوبطلب
آشوبگر
آشوبی
آشوبهای
آشوبها
آشوب
آشفتگی
آشفته
آسیبدیدگی
آسیبدیده
آسیبپذیری
آسیبپذیرند
آسیبی
آسیبهای
آسیب
آس و پاس
آزردگی
آزرده
آزاردهنده
آزار
آزگار
آرغده
آرایههای
آرامگاهی
آرامگاه
آدمسوزی
آدمخواری
آخ
آتشسوزی
آتشين
آتش‌ناک
آتش کشید
آبخنک
آبله
آای
آاوووو
آوارگان
آوارگی
آواره
آه
آمیغه
آلایندههای
آلاینده
آلودگی
آلودهسازی
آلودهاند
آفت
آفات
پشت دادن
پشیمان
پشمالو
پشلنگ
پستک
پست فطرت
پزوایی
پرسه
پرس
پرزرق و برق
پررو
پرت
پراشک
پراندوهی
پرپری
پر سر و صدا
پر رو
پر دغدغه
پر افاده
پخچ
پخمه
پخ
پتی
پاش
پاره وقت
پکر
پکنه
پک
پژوین
پیشدست
پیش خور
پیچدرپیچ
پیچیدگیهای
پیچیدهتر
پیچیده
پیمان کار
پوده
پوک
پوچ
پندنیوش
پلغده
پلشت
پلاس
پلید
پفتال
پفیوز
گشاده زبان
گشاد
گشنه
گشن
گستاخانه
گستاخ
گس
گزافه
گزاف
گز
گرسنه
گردن کلفت
گربز
گراز
گران قیمت
گران
گریه
گرما زده
گرفتاری
گرفتار
گدایی
گدامنش
گدا صفت
گدا
گاگول
گایه
گامبو
گاله
گوشه گیر
گوش خراش
گودنشین
گود
گوالش
گوال
گول
گندیده
گندله
گند
گنجشک روزی
گناهکار
گمشده
گم شده
گم
گله مند
کشتار
کشتگان
کشتیم
کشتهشدگان
کشته
کشتن
کساد
کس‌مشنگ
کس‌لیس
کرخ
کرپان
کرفت
کر
کج رفتار
کج دار مریز
کج وکوله
کج و کوله
کج
کثافتی
کثافت
کثیف
کتروم
کتکار
کتنبل
کارافتاده
کاذب
کافران
کافر
کپکی
کینهتوزانه
کینهای
کینه
کیفری
کیفر
کور خواندن
کور
کودتای
کودتاچیان
کودتا
کودن
کوتاهی
کوتوله
کوتهبینانه
کوتهنگری
کوکااین
کوچک
کولنگ
کهبد
کهبل
کهنه‌ساز
کهنه
کنس
کندتر
کندا
کندآور
کندی
کنده
کنگ
کنک
کنفت
کمر بسته
کماس
کمپیر
کمین
کم عمق
کم عقل
کم صدا
کم صبر
کم شتاب
کم سو
کم زور
کم دل
کم خوراک
کم خواب
کم حرف
کم حجم
کم حاصل
کم حافظه
کم جربزه
کم تحرک
کم توجه
کم باران
کم ارزش
کم کار
کم ژرفا
کم محل
کم لطف
کم قدرت
کم فروش
کلتبان
کلاهبرداری
کلاهبردار
کلافه
کله شق
کله دار
کله پوک
ژکاره
ژکور
ژیان
ژنده
یتاقی
یازه
یاوه
یالمند
یافه
یکدستی
یکنواخت
یک بخته
یک پهلو
وغست
وغیش
وشناد
ورخج
وراج
ورانداز
وریب
وداع
وحشتزده
وحشتآور
وحشتناکترین
وحشتناک
وحشت
وحشی
وارسی
وارفته
وادار
واپسین
واژگون
واژون
والشهوات
ویرانش
ویرانکننده
ویرانی
ویران
ویروسی
ویروسهای
ویروس
ویلان
وهم‌انگیز
ولو
ولنگار
ول
وفات
هشدارها
هشلهف
هرز
هراس‌آور
هراس ناک
هجیر
هتک
هاروهور
هار
هاج
هاف هافو
هپرو
هیز
هوسران
هوچیگران
هوچی
هولناک
همدست
همجنس‌بازی
همجنس‌باز
هم تازیانه
هم تک
هم کاسه
هم چشم
هم چنان
هلاشم
هلاهل
هلپند
هفهفو
چغاز
چغل
نعش
نظرباز
نشت
چسبان
نسپاس
نسنجیده
چسنگ
چس خور
نزنند
چرسی
نراد
چروکیده
چروک
چرند
ندار
چخین
نخ نما
چخ
ناشایست
ناسزا
ناسازگار
ناساز
ناسپاس
ناسگالیده
نازا
نارضایتی
نارس
ناراضیاند
ناراضی
ناراحت
نارواست
نادرستی
نادرست
نادرویش
ناداشت
نادان
ناخشنودی
ناخشنود
ناخرسندند
ناخوشایند
ناخوش
ناخواسته
ناجور
ناجنس
ناتوانی
ناتوان
ناتو
ناتمام
نابسامانیهای
نابسامان
نابرابریها
ناباب
نابکار
نابودی
نابود
نابهره
نابهنجار
ناامیدتر
ناامیدی
ناامید
ناامنسازی
ناامن
ناآرامیهای
ناپسند
ناپرهیزی
ناپدید
ناپختهای
ناپخته
ناپایداری
ناپایدار
چاپلوسانه
چاپلوسی
چاپلوس
ناگوار
ناکسان
ناکس
ناکارایی
ناکارآمد
ناکار
ناکاوت
ناکامیها
ناکامی
ناکام
ناکافی
چایش
نایافت
ناویژه
چاوله
ناهنجاری
ناهنجار
ناهموار
ناچارم
ناچار
ناچیزی
ناچیز
نانیوشان
نامعین
نامطلوب
نامشخص
نامساعد
نامرد
نامربوط
نامتعارف
نامادری
نامادبانه
ناموفق
نامنظم
نامناسب
ناممکن
ناملایمات
نام ناپذیر
نالان
نالوطی
ناله
ناقص
چاق
نافرجام
نافرمانی
نافرمان
چپه
چپل
نگرانیها
نگرانی
نگرانم
نگران
نگون
نکوهش
چک
نیازمند
نوکران
نوکر
نومید
ننگین
ننگی
چنگلوک
ننگ آور
ننگ
چنگ
چماله
نمور
چمچاخ
نمناک
چم
چلنگر
چلفتی
چل
نقصها
نقص
نفرت
نفله
مغشوش
مغموم
مغلظ
مغلوب
مظنون
مضحک
مصدوم
مصلحتی
مشغله
مشروط
مشکوک
مشکلتر
مشکلاتشان
مشکلاتی
مشکلات
مشکلآفرینی
مشکلآفرین
مشکلی
مشکلم
مشکل آفرینی
مشکل آفرین
مشکل
مشوش
مشنگ
مشكل
مسخره
مستضعف
مستمندان
مستمند
مسمومی
مسموم
مزخرفش
مزخرف
مرعوب
مرض
مردد
مردود
مرده
مردنی
مرتعش
مرگبار
مرگآور
مرگ
مدیون
مخربتر
مخربی
مخرب
مخدوش
مخالفت
مخالف
مخوف
مخلوع
مخل
مخفی
محزون
محروم
محرمانهترین
محرمم
محبوس
محکومیتی
محکومیت
محکوم
مجرمان
مجرم
مجبورند
مجبور
مجازاتش
مجازات
مجنون
متزلزل
متخلفان
متجاوز
متاسفانه
متاسف
متورم
متهمان
متهمین
متهم
متناقض
مبتذل
مبهوت
ماری
مافنگی
مگو
مکشوف
میشکنم
میآزارد
میمیرد
میمیری
میمیرند
موانعی
موانع
مویه
موهوم
مهلک
منزوی
منگول
منگل
منگ
مچل
منفی
منفی
ملعون
ملحدی
ملحد
ملامتگری
ملال‌آور
ملنگ
مقصری
مقصرند
مقصر
مقترض
مقاربتی
مفتون
مفینه
مفقود
لغزش
لغ
لعنت
لعن
لرزش
لخته
لخلخ
لجاره
لجلاج
لاشی
لات
لاابالی
لامصب
لال
لپان
لکاته
لکنته
لک
لوش
لوس
لوت
له
لندهور
لنبر
لنبان
لنبه
لنگ
لمالم
قطع
قرتی
قرمز
قداره بندی
قدیمی
قد کوتاه
قتلی
قتلهای
قتل
قاچاقچیانی
قاچاقچیان
قاچاقچی
قاچاق
قانونشکنی
قانونگریز
قانون شکنی
قانون شکن
قانون گریز
قهر
قناس
قلدرمآبانه
قلتشن
فضولی
فشارش
فزه
فرسایش
فرتوت
فراری
فراخه
فرافکنی
فریبش
فرمایش
فحش
فتاده
فاضلابها
فاضلاب
فاش
فاسد
فانی
فاقد
فکسنی
فژه
فهل
فقر
فقیران
فقیر
